../Core/Src/main.c:96:20:reset_CCRs	4	static
../Core/Src/main.c:103:6:backward	24	static
../Core/Src/main.c:115:6:forward	24	static
../Core/Src/main.c:129:6:left	16	static
../Core/Src/main.c:140:6:right	16	static
../Core/Src/main.c:151:20:stop	16	static
../Core/Src/main.c:161:6:TIM4_IRQHandler	16	static
../Core/Src/main.c:207:6:EXTI0_IRQHandler	4	static
../Core/Src/main.c:220:5:main	40	static
../Core/Src/main.c:507:6:SystemClock_Config	80	static
../Core/Src/main.c:551:13:MX_ADC_Init	24	static
../Core/Src/main.c:606:13:MX_TIM3_Init	32	static
../Core/Src/main.c:651:13:MX_TIM4_Init	32	static
../Core/Src/main.c:696:13:MX_TS_Init	4	static
../Core/Src/main.c:717:13:MX_USART1_UART_Init	8	static
../Core/Src/main.c:750:13:MX_GPIO_Init	40	static
../Core/Src/main.c:806:6:HAL_UART_RxCpltCallback	16	static
../Core/Src/main.c:815:6:Error_Handler	4	static,ignoring_inline_asm
